package main

import (
	"log/slog"
	"net/http"
)

func main() {
	run(&http.Request{})
	run2(&http.Request{})
}

func run(r *http.Request) {
	slog.InfoContext(r.Context(), "hello world") // want `context not passed to slog call`
}

func run2(req *http.Request) {
	slog.InfoContext(req.Context(), "hello world") // want `context not passed to slog call`
}
